// Jest Snapshot v1, https://goo.gl/fbAQLP

exports[`test default 1`] = `
<button
  className="button"
>
  hello, world
</button>
`;
